// Jest Snapshot v1, https://goo.gl/fbAQLP

exports[`should render AdminList with ecommerces 1`] = `
<div>
  <h1>
    Admin List
  </h1>
  <AdminListItem
    amount={12500}
    category="amen"
    createdAt={0}
    description="men shoe"
    id="1"
    image="shoe.jpeg"
    imageUrl=""
    item="men_footwear"
    key="1"
    stock={100}
  />
  <AdminListItem
    amount={4500}
    category="women"
    createdAt={-432000000}
    description="women shoe"
    id="2"
    image="women_shoe.jpeg"
    imageUrl=""
    item="women_headwear"
    key="2"
    stock={403}
  />
  <AdminListItem
    amount={350}
    category="boy"
    createdAt={432000000}
    description="boy shirt"
    id="3"
    image="shirt_boy.jpeg"
    imageUrl=""
    item="boy_clothe"
    key="3"
    stock={3200}
  />
  <AdminListItem
    amount={2500}
    category="girl"
    createdAt={172800000}
    description="girl head tie"
    id="4"
    image="girl_headtie.jpeg"
    imageUrl=""
    item="girl_headwear"
    key="4"
    stock={17850}
  />
</div>
`;

exports[`should render AdminList with empty message 1`] = `
<div>
  <h1>
    Admin List
  </h1>
  <p>
     No Products 
  </p>
</div>
`;
