// Jest Snapshot v1, https://goo.gl/fbAQLP

exports[`should render AdminAddPage correctly 1`] = `
<div>
  <h1>
     Add Product
  </h1>
  <AdminForm
    onSubmit={[Function]}
  />
</div>
`;
