// Jest Snapshot v1, https://goo.gl/fbAQLP

exports[`should render AdminDashboardPage correctly 1`] = `
<div>
  <Connect(EcommerceSummary) />
  <Connect(AdminListFilters) />
  <Connect(AdminList) />
</div>
`;
