// Jest Snapshot v1, https://goo.gl/fbAQLP

exports[`should render EcommerceListItem correctly 1`] = `
<div>
  <img
    height="200"
    src=""
    width="150"
  />
  <h3>
    men shoe
  </h3>
  <p>
    12500
     - 
    100
     pieces
  </p>
</div>
`;
