// Jest Snapshot v1, https://goo.gl/fbAQLP

exports[`should render CustDashboardPage correctly 1`] = `
<div>
  <Connect(CustListFilters) />
  <Connect(CustList) />
</div>
`;
